// Jest Snapshot v1, https://goo.gl/fbAQLP

exports[`Tests in <GifItem/> Should do match with snapshot 1`] = `
<div>
  <div
    class="card"
  >
    <img
      alt="Pokemon"
    />
    <p>
      Pokemon
    </p>
  </div>
</div>
`;
