// Jest Snapshot v1, https://goo.gl/fbAQLP

exports[`test in <GifItem/> must do match with snapshot 1`] = `
<div>
  <div
    class="card"
  >
    <img
      alt="Pokemon"
    />
    <p>
      Pokemon
    </p>
  </div>
</div>
`;
